---
source: parser/src/ast/text_node.rs
expression: "@prompt\nThis is a prompt\nIt can have multiple lines"
---
[
  {
    "type": "TextNode",
    "value": "@prompt\nThis is a prompt\nIt can have multiple lines",
    "position": {
      "start": 10,
      "end": 61
    },
    "source": "@prompt\nThis is a prompt\nIt can have multiple lines"
  }
]
