---
source: parser/src/ast/text_node.rs
expression: "@unsupported this node falls back to a text node"
---
[
  {
    "type": "TextNode",
    "value": "@unsupported this node falls back to a text node",
    "position": {
      "start": 10,
      "end": 58
    },
    "source": "@unsupported this node falls back to a text node"
  }
]
